(21,15) SEMANTIC: Los atributos son privados. Solo se pueden acceder mediante 'self'.
(2,26) SEMANTIC: Error de tipos en operando izquierdo de operador aritmético: se esperaba 'Number' pero se encontró 'Object'.
(12,20) SEMANTIC: Error de tipos en operando izquierdo de operador aritmético: se esperaba 'Number' pero se encontró 'Object'.
(18,13) SEMANTIC: Error de tipos en argumento 1 de método 'f': se esperaba 'Number' pero se encontró 'String'.
(24,14) SEMANTIC: Error de tipos en asignación a 'x': se esperaba 'Number' pero se encontró 'String'.
(32,9) SEMANTIC: Operación 'as' no plausible: tipo 'Number' y 'String' no están relacionados.
